<html>
<body>
<pre>
<h1>µVision Build Log</h1>
<h2>Project:</h2>
C:\Users\Daniel\Documents\Schoolwork\EE 319K\Spring 2017\Labs\lab6-pranav-and-daniel\Lab6.uvproj
Project File Date:  03/22/2017

<h2>Output:</h2>
Rebuild target 'Lab6'
assembling startup.s...
compiling Sound.c...
Sound.c(56): warning:  #1-D: last line of file ends without a newline
  };
Sound.c: 1 warning, 0 errors
compiling piano.c...
compiling dac.c...
compiling Lab6.c...
Lab6.c(38): warning:  #177-D: variable "var" was declared but never referenced
        int var = 0;
Lab6.c: 1 warning, 0 errors
linking...
Program Size: Code=6308 RO-data=9656 RW-data=80 ZI-data=1816  
".\Lab6.axf" - 0 Error(s), 2 Warning(s).
